../Drivers/API/Src/Displays/API_max7219.c:47:8:max7219_SPI_init	16	static
../Drivers/API/Src/Displays/API_max7219.c:62:6:max7219_clean_display	16	static
../Drivers/API/Src/Displays/API_max7219.c:78:6:max7219_clean_all_displays	16	static
../Drivers/API/Src/Displays/API_max7219.c:92:6:max7219_turn_on_LEDs	16	static
../Drivers/API/Src/Displays/API_max7219.c:105:1:max7219_set_decode_mode	16	static
../Drivers/API/Src/Displays/API_max7219.c:106:1:max7219_set_intensity	16	static
../Drivers/API/Src/Displays/API_max7219.c:107:1:max7219_set_scan_limit	16	static
../Drivers/API/Src/Displays/API_max7219.c:108:1:max7219_set_shutdown	16	static
../Drivers/API/Src/Displays/API_max7219.c:110:6:max7219_set_displays	16	static
../Drivers/API/Src/Displays/API_max7219.c:120:22:max7219_get_SPI_state	8	static
../Drivers/API/Src/Displays/API_max7219.c:134:13:max7219_send_data	24	static
