../Drivers/API/Src/Accelerometers/API_adxl345.c:47:8:adxl345_I2C_init	16	static
../Drivers/API/Src/Accelerometers/API_adxl345.c:64:15:adxl345_read_coordinates	40	static
../Drivers/API/Src/Accelerometers/API_adxl345.c:76:22:adxl345_get_I2C_state	8	static
../Drivers/API/Src/Accelerometers/API_adxl345.c:80:8:adxl345_is_data_ready	16	static
../Drivers/API/Src/Accelerometers/API_adxl345.c:91:6:adxl345_set_sensitivity	24	static
../Drivers/API/Src/Accelerometers/API_adxl345.c:107:1:adxl345_set_bandwidth_rate	16	static
../Drivers/API/Src/Accelerometers/API_adxl345.c:108:1:adxl345_set_power_control	16	static
../Drivers/API/Src/Accelerometers/API_adxl345.c:109:1:adxl345_set_data_format	16	static
