../Drivers/API/Src/Accelerometers/API_adxl345.c:45:8:adxl345_I2C_init	16	static
../Drivers/API/Src/Accelerometers/API_adxl345.c:62:15:adxl345_read_coordinates	32	static
../Drivers/API/Src/Accelerometers/API_adxl345.c:73:22:adxl345_get_I2C_state	8	static
../Drivers/API/Src/Accelerometers/API_adxl345.c:77:8:adxl345_is_data_ready	16	static
../Drivers/API/Src/Accelerometers/API_adxl345.c:88:6:adxl345_set_sensitivity	24	static
../Drivers/API/Src/Accelerometers/API_adxl345.c:104:1:adxl345_set_bandwidth_rate	16	static
../Drivers/API/Src/Accelerometers/API_adxl345.c:105:1:adxl345_set_power_control	16	static
../Drivers/API/Src/Accelerometers/API_adxl345.c:106:1:adxl345_set_data_format	16	static
