../Drivers/API/Src/Max7219/API_max7219.c:47:8:max7219_SPI_init	16	static
../Drivers/API/Src/Max7219/API_max7219.c:80:6:HAL_SPI_MspInit	48	static
../Drivers/API/Src/Max7219/API_max7219.c:117:6:max7219_clean_display	16	static
../Drivers/API/Src/Max7219/API_max7219.c:133:6:max7219_clean_all_displays	16	static
../Drivers/API/Src/Max7219/API_max7219.c:147:6:max7219_turn_on_LEDs	16	static
../Drivers/API/Src/Max7219/API_max7219.c:160:1:max7219_set_decode_mode	16	static
../Drivers/API/Src/Max7219/API_max7219.c:161:1:max7219_set_intensity	16	static
../Drivers/API/Src/Max7219/API_max7219.c:162:1:max7219_set_scan_limit	16	static
../Drivers/API/Src/Max7219/API_max7219.c:163:1:max7219_set_shutdown	16	static
../Drivers/API/Src/Max7219/API_max7219.c:165:6:max7219_set_displays	16	static
../Drivers/API/Src/Max7219/API_max7219.c:175:22:max7219_get_SPI_state	8	static
../Drivers/API/Src/Max7219/API_max7219.c:189:13:max7219_send_data	24	static
