../Drivers/API/Src/API_decode_coordinates.c:66:8:coordinates_FSM_init	16	static
../Drivers/API/Src/API_decode_coordinates.c:83:6:coordinates_FSM_update	24	static
../Drivers/API/Src/API_decode_coordinates.c:129:13:configure_adxl345	8	static
../Drivers/API/Src/API_decode_coordinates.c:135:13:configure_max7219	16	static
../Drivers/API/Src/API_decode_coordinates.c:146:13:decode_x_coordinate	4	static
../Drivers/API/Src/API_decode_coordinates.c:153:13:decode_y_coordinate	16	static
../Drivers/API/Src/API_decode_coordinates.c:179:13:FSM_error_handler	8	static
