../Drivers/API/Src/API_decode_coordinates.c:73:8:coordinates_FSM_init	16	static
../Drivers/API/Src/API_decode_coordinates.c:101:6:coordinates_FSM_update	24	static
../Drivers/API/Src/API_decode_coordinates.c:152:13:configure_adxl345	8	static
../Drivers/API/Src/API_decode_coordinates.c:166:13:configure_max7219	16	static
../Drivers/API/Src/API_decode_coordinates.c:183:13:send_coordinates_uart	16	static
../Drivers/API/Src/API_decode_coordinates.c:203:15:decode_x_coordinate	4	static
../Drivers/API/Src/API_decode_coordinates.c:217:15:decode_y_coordinate	16	static
