../Drivers/API/Src/API_adxl345.c:55:1:adxl345_set_BW_RATE	16	static
../Drivers/API/Src/API_adxl345.c:56:1:adxl345_set_POWER_CTL	16	static
../Drivers/API/Src/API_adxl345.c:57:1:adxl345_set_DATA_FORMAT	16	static
../Drivers/API/Src/API_adxl345.c:59:8:adlx345_I2C_init	16	static
../Drivers/API/Src/API_adxl345.c:87:6:HAL_I2C_MspInit	48	static
../Drivers/API/Src/API_adxl345.c:105:22:adxl345_get_I2C_state	8	static
../Drivers/API/Src/API_adxl345.c:111:15:adxl345_read_coordinates	40	static
../Drivers/API/Src/API_adxl345.c:124:6:adxl345_set_sensitivity	24	static
../Drivers/API/Src/API_adxl345.c:135:8:adxl345_is_data_ready	24	static
../Drivers/API/Src/API_adxl345.c:158:16:read_register	32	static
../Drivers/API/Src/API_adxl345.c:174:13:write_register	32	static
