19:12:43 **** Incremental Build of configuration Debug for project accelerometer_LED_Matrix ****
make -j16 all 
arm-none-eabi-size  accelerometer_LED_Matrix.elf 
   text	   data	    bss	    dec	    hex	filename
  15320	     92	   1828	  17240	   4358	accelerometer_LED_Matrix.elf
Finished building: default.size.stdout
 
19:12:46 **** Incremental Build of configuration Debug for project accelerometer_LED_Matrix ****
make -j16 all 
arm-none-eabi-size  accelerometer_LED_Matrix.elf 
   text	   data	    bss	    dec	    hex	filename
  15320	     92	   1828	  17240	   4358	accelerometer_LED_Matrix.elf
Finished building: default.size.stdout
 
